{
  "version": "1.5.45",
  "plugins_used": [
    {
      "name": "ArtifactoryDetector"
    },
    {
      "name": "AWSKeyDetector"
    },
    {
      "name": "AzureStorageKeyDetector"
    },
    {
      "name": "Base64HighEntropyString",
      "limit": 4.5
    },
    {
      "name": "BasicAuthDetector"
    },
    {
      "name": "CloudantDetector"
    },
    {
      "name": "DiscordBotTokenDetector"
    },
    {
      "name": "GitHubTokenDetector"
    },
    {
      "name": "GitLabTokenDetector"
    },
    {
      "name": "HexHighEntropyString",
      "limit": 3.0
    },
    {
      "name": "IbmCloudIamDetector"
    },
    {
      "name": "IbmCosHmacDetector"
    },
    {
      "name": "IPPublicDetector"
    },
    {
      "name": "JwtTokenDetector"
    },
    {
      "name": "KeywordDetector",
      "keyword_exclude": ""
    },
    {
      "name": "MailchimpDetector"
    },
    {
      "name": "NpmDetector"
    },
    {
      "name": "OpenAIDetector"
    },
    {
      "name": "PrivateKeyDetector"
    },
    {
      "name": "PypiTokenDetector"
    },
    {
      "name": "SendGridDetector"
    },
    {
      "name": "SlackDetector"
    },
    {
      "name": "SoftlayerDetector"
    },
    {
      "name": "SquareOAuthDetector"
    },
    {
      "name": "StripeDetector"
    },
    {
      "name": "TelegramBotTokenDetector"
    },
    {
      "name": "TwilioKeyDetector"
    }
  ],
  "filters_used": [
    {
      "path": "detect_secrets.filters.allowlist.is_line_allowlisted"
    },
    {
      "path": "detect_secrets.filters.common.is_baseline_file",
      "filename": ".secrets.baseline"
    },
    {
      "path": "detect_secrets.filters.common.is_ignored_due_to_verification_policies",
      "min_level": 2
    },
    {
      "path": "detect_secrets.filters.heuristic.is_indirect_reference"
    },
    {
      "path": "detect_secrets.filters.heuristic.is_likely_id_string"
    },
    {
      "path": "detect_secrets.filters.heuristic.is_lock_file"
    },
    {
      "path": "detect_secrets.filters.heuristic.is_not_alphanumeric_string"
    },
    {
      "path": "detect_secrets.filters.heuristic.is_potential_uuid"
    },
    {
      "path": "detect_secrets.filters.heuristic.is_prefixed_with_dollar_sign"
    },
    {
      "path": "detect_secrets.filters.heuristic.is_sequential_string"
    },
    {
      "path": "detect_secrets.filters.heuristic.is_swagger_file"
    },
    {
      "path": "detect_secrets.filters.heuristic.is_templated_secret"
    },
    {
      "path": "detect_secrets.filters.regex.should_exclude_file",
      "pattern": [
        "\\.venv.*",
        "node_modules",
        "uv\\.lock",
        "\\.git",
        "htmlcov",
        "\\.coverage",
        "openapi/",
        "\\.review/",
        "\\.tmp/",
        "\\.worktrees/",
        "\\.tasks/store/",
        "\\.huggingface/",
        "\\.serena/",
        "\\.mypy_cache/",
        "\\.pytest_cache/",
        "\\.ruff_cache/",
        "scripts/clients/linear/node_modules/",
        "scripts/clients/linear/dist/",
        "\\.git-rewrite/",
        "to_adapt/",
        "\\.idea/",
        "build/",
        "dist/"
      ]
    }
  ],
  "results": {
    "docs/development/general/general.security.detect-secrets-guide.yml": [
      {
        "type": "Secret Keyword",
        "filename": "docs/development/general/general.security.detect-secrets-guide.yml",
        "hashed_secret": "80cd2198ff8f617391816266d7c076259f088eaf",
        "is_verified": false,
        "line_number": 328,
        "is_added": false,
        "is_removed": false
      }
    ],
    "docs/usage/linear-client.yml": [
      {
        "type": "Secret Keyword",
        "filename": "docs/usage/linear-client.yml",
        "hashed_secret": "7ed1f37afcf248827f863ec91ce41dc8eb60827d",
        "is_verified": false,
        "line_number": 100,
        "is_added": false,
        "is_removed": false
      }
    ],
    "scripts/tests/app/test_gen_openapi.py": [
      {
        "type": "Secret Keyword",
        "filename": "scripts/tests/app/test_gen_openapi.py",
        "hashed_secret": "823a843a8217140a40270be6b9bc985e115f77da",
        "is_verified": false,
        "line_number": 194,
        "is_added": false,
        "is_removed": false
      }
    ],
    "scripts/tests/clients/test_linear_client.py": [
      {
        "type": "Secret Keyword",
        "filename": "scripts/tests/clients/test_linear_client.py",
        "hashed_secret": "767ef7376d44bb6e52b390ddcd12c1cb1b3902a4",
        "is_verified": false,
        "line_number": 22,
        "is_added": false,
        "is_removed": false
      },
      {
        "type": "Secret Keyword",
        "filename": "scripts/tests/clients/test_linear_client.py",
        "hashed_secret": "391d2ef27c79f6ba6eb55cde51d7361b6f110db3",
        "is_verified": false,
        "line_number": 28,
        "is_added": false,
        "is_removed": false
      },
      {
        "type": "Secret Keyword",
        "filename": "scripts/tests/clients/test_linear_client.py",
        "hashed_secret": "00942f4668670f34c5943cf52c7ef3139fe2b8d6",
        "is_verified": false,
        "line_number": 46,
        "is_added": false,
        "is_removed": false
      }
    ],
    "scripts/tests/knowledge/test_artifact_fact_extractor.py": [
      {
        "type": "Hex High Entropy String",
        "filename": "scripts/tests/knowledge/test_artifact_fact_extractor.py",
        "hashed_secret": "90bd1b48e958257948487b90bee080ba5ed00caa",
        "is_verified": false,
        "line_number": 653,
        "is_added": false,
        "is_removed": false
      }
    ],
    "scripts/tests/knowledge/test_artifact_validator.py": [
      {
        "type": "Hex High Entropy String",
        "filename": "scripts/tests/knowledge/test_artifact_validator.py",
        "hashed_secret": "85fd67f6ed6760d0c26546710e5fa523116905bd",
        "is_verified": false,
        "line_number": 61,
        "is_added": false,
        "is_removed": false
      }
    ],
    "scripts/tests/mcp/test_bridge.py": [
      {
        "type": "Secret Keyword",
        "filename": "scripts/tests/mcp/test_bridge.py",
        "hashed_secret": "b02010a0b32b6300b7f77710c9a9ce6be24942b5",
        "is_verified": false,
        "line_number": 528,
        "is_added": false,
        "is_removed": false
      }
    ],
    "tests/conftest.py": [
      {
        "type": "Secret Keyword",
        "filename": "tests/conftest.py",
        "hashed_secret": "363d41a0528b44dddd03e419d7b83e90b889b6e0",
        "is_verified": false,
        "line_number": 89,
        "is_added": false,
        "is_removed": false
      }
    ],
    "tests/unit/test_openapi_schema.py": [
      {
        "type": "Secret Keyword",
        "filename": "tests/unit/test_openapi_schema.py",
        "hashed_secret": "cdeebb5696bdb0358e1570b330988595136d735d",
        "is_verified": false,
        "line_number": 33,
        "is_added": false,
        "is_removed": false
      }
    ],
    "tests/unit/test_surrealdb_pool.py": [
      {
        "type": "Secret Keyword",
        "filename": "tests/unit/test_surrealdb_pool.py",
        "hashed_secret": "dc76e9f0c0006e8f919e0c515c66dbba3982f785",
        "is_verified": false,
        "line_number": 24,
        "is_added": false,
        "is_removed": false
      }
    ]
  },
  "generated_at": "2025-12-07T20:42:08Z"
}
