{
  "version": "1.5.45",
  "plugins_used": [
    {
      "name": "ArtifactoryDetector"
    },
    {
      "name": "AWSKeyDetector"
    },
    {
      "name": "AzureStorageKeyDetector"
    },
    {
      "name": "Base64HighEntropyString",
      "limit": 4.5
    },
    {
      "name": "BasicAuthDetector"
    },
    {
      "name": "CloudantDetector"
    },
    {
      "name": "DiscordBotTokenDetector"
    },
    {
      "name": "GitHubTokenDetector"
    },
    {
      "name": "GitLabTokenDetector"
    },
    {
      "name": "HexHighEntropyString",
      "limit": 3.0
    },
    {
      "name": "IbmCloudIamDetector"
    },
    {
      "name": "IbmCosHmacDetector"
    },
    {
      "name": "IPPublicDetector"
    },
    {
      "name": "JwtTokenDetector"
    },
    {
      "name": "KeywordDetector",
      "keyword_exclude": ""
    },
    {
      "name": "MailchimpDetector"
    },
    {
      "name": "NpmDetector"
    },
    {
      "name": "OpenAIDetector"
    },
    {
      "name": "PrivateKeyDetector"
    },
    {
      "name": "PypiTokenDetector"
    },
    {
      "name": "SendGridDetector"
    },
    {
      "name": "SlackDetector"
    },
    {
      "name": "SoftlayerDetector"
    },
    {
      "name": "SquareOAuthDetector"
    },
    {
      "name": "StripeDetector"
    },
    {
      "name": "TelegramBotTokenDetector"
    },
    {
      "name": "TwilioKeyDetector"
    }
  ],
  "filters_used": [
    {
      "path": "detect_secrets.filters.allowlist.is_line_allowlisted"
    },
    {
      "path": "detect_secrets.filters.common.is_baseline_file",
      "filename": "/mnt/c/Users/xteam/IdeaProjects/ai-workflow/.worktrees/mrasolomon/nes-124-add-ast-grep-linter/.secrets.baseline"
    },
    {
      "path": "detect_secrets.filters.common.is_ignored_due_to_verification_policies",
      "min_level": 2
    },
    {
      "path": "detect_secrets.filters.heuristic.is_indirect_reference"
    },
    {
      "path": "detect_secrets.filters.heuristic.is_likely_id_string"
    },
    {
      "path": "detect_secrets.filters.heuristic.is_lock_file"
    },
    {
      "path": "detect_secrets.filters.heuristic.is_not_alphanumeric_string"
    },
    {
      "path": "detect_secrets.filters.heuristic.is_potential_uuid"
    },
    {
      "path": "detect_secrets.filters.heuristic.is_prefixed_with_dollar_sign"
    },
    {
      "path": "detect_secrets.filters.heuristic.is_sequential_string"
    },
    {
      "path": "detect_secrets.filters.heuristic.is_swagger_file"
    },
    {
      "path": "detect_secrets.filters.heuristic.is_templated_secret"
    },
    {
      "path": "detect_secrets.filters.regex.should_exclude_file",
      "pattern": [
        "(^\\.git/|^\\.venv/|build/|dist/)"
      ]
    }
  ],
  "results": {
    "docs/development/general/general.security.gitleaks-guide.yml": [
      {
        "type": "AWS Access Key",
        "filename": "docs/development/general/general.security.gitleaks-guide.yml",
        "hashed_secret": "25910f981e85ca04baf359199dd0bd4a3ae738b6",
        "is_verified": false,
        "line_number": 94,
        "is_secret": false
      },
      {
        "type": "Secret Keyword",
        "filename": "docs/development/general/general.security.gitleaks-guide.yml",
        "hashed_secret": "80cd2198ff8f617391816266d7c076259f088eaf",
        "is_verified": false,
        "line_number": 446,
        "is_secret": false
      }
    ],
    "docs/usage/linear-client.yml": [
      {
        "type": "Secret Keyword",
        "filename": "docs/usage/linear-client.yml",
        "hashed_secret": "7ed1f37afcf248827f863ec91ce41dc8eb60827d",
        "is_verified": false,
        "line_number": 132,
        "is_secret": false
      }
    ],
    "scripts/tests/app/test_gen_openapi.py": [
      {
        "type": "Secret Keyword",
        "filename": "scripts/tests/app/test_gen_openapi.py",
        "hashed_secret": "aba67f67efb032e56b9d4dc9c73226bb6d1483d8",
        "is_verified": false,
        "line_number": 119,
        "is_secret": false
      },
      {
        "type": "Secret Keyword",
        "filename": "scripts/tests/app/test_gen_openapi.py",
        "hashed_secret": "823a843a8217140a40270be6b9bc985e115f77da",
        "is_verified": false,
        "line_number": 209,
        "is_secret": false
      }
    ],
    "scripts/tests/clients/test_linear_client.py": [
      {
        "type": "Secret Keyword",
        "filename": "scripts/tests/clients/test_linear_client.py",
        "hashed_secret": "767ef7376d44bb6e52b390ddcd12c1cb1b3902a4",
        "is_verified": false,
        "line_number": 39,
        "is_secret": false
      },
      {
        "type": "Secret Keyword",
        "filename": "scripts/tests/clients/test_linear_client.py",
        "hashed_secret": "391d2ef27c79f6ba6eb55cde51d7361b6f110db3",
        "is_verified": false,
        "line_number": 50,
        "is_secret": false
      },
      {
        "type": "Secret Keyword",
        "filename": "scripts/tests/clients/test_linear_client.py",
        "hashed_secret": "00942f4668670f34c5943cf52c7ef3139fe2b8d6",
        "is_verified": false,
        "line_number": 104,
        "is_secret": false
      }
    ],
    "scripts/tests/knowledge/test_artifact_fact_extractor.py": [
      {
        "type": "Hex High Entropy String",
        "filename": "scripts/tests/knowledge/test_artifact_fact_extractor.py",
        "hashed_secret": "90bd1b48e958257948487b90bee080ba5ed00caa",
        "is_verified": false,
        "line_number": 655,
        "is_secret": false
      }
    ],
    "scripts/tests/knowledge/test_artifact_validator.py": [
      {
        "type": "Hex High Entropy String",
        "filename": "scripts/tests/knowledge/test_artifact_validator.py",
        "hashed_secret": "85fd67f6ed6760d0c26546710e5fa523116905bd",
        "is_verified": false,
        "line_number": 61,
        "is_secret": false
      }
    ],
    "scripts/tests/mcp/test_bridge.py": [
      {
        "type": "Secret Keyword",
        "filename": "scripts/tests/mcp/test_bridge.py",
        "hashed_secret": "b02010a0b32b6300b7f77710c9a9ce6be24942b5",
        "is_verified": false,
        "line_number": 528,
        "is_secret": false
      }
    ],
    "scripts/tests/pr/test_git_dao.py": [
      {
        "type": "Hex High Entropy String",
        "filename": "scripts/tests/pr/test_git_dao.py",
        "hashed_secret": "90bd1b48e958257948487b90bee080ba5ed00caa",
        "is_verified": false,
        "line_number": 267,
        "is_secret": false
      },
      {
        "type": "Hex High Entropy String",
        "filename": "scripts/tests/pr/test_git_dao.py",
        "hashed_secret": "a3d2709ddb4695bf7c836222de3fcdba279a129c",
        "is_verified": false,
        "line_number": 1118,
        "is_secret": false
      }
    ],
    "scripts/tests/review/test_coderabbit_review.py": [
      {
        "type": "Hex High Entropy String",
        "filename": "scripts/tests/review/test_coderabbit_review.py",
        "hashed_secret": "90bd1b48e958257948487b90bee080ba5ed00caa",
        "is_verified": false,
        "line_number": 234,
        "is_secret": false
      }
    ],
    "scripts/tests/servers/mcp/app/core/test_config.py": [
      {
        "type": "Secret Keyword",
        "filename": "scripts/tests/servers/mcp/app/core/test_config.py",
        "hashed_secret": "f2b14f68eb995facb3a1c35287b778d5bd785511",
        "is_verified": false,
        "line_number": 240,
        "is_secret": false
      }
    ],
    "tests/conftest.py": [
      {
        "type": "Secret Keyword",
        "filename": "tests/conftest.py",
        "hashed_secret": "363d41a0528b44dddd03e419d7b83e90b889b6e0",
        "is_verified": false,
        "line_number": 68,
        "is_secret": false
      }
    ],
    "tests/unit/test_openapi_schema.py": [
      {
        "type": "Secret Keyword",
        "filename": "tests/unit/test_openapi_schema.py",
        "hashed_secret": "cdeebb5696bdb0358e1570b330988595136d735d",
        "is_verified": false,
        "line_number": 33,
        "is_secret": false
      }
    ],
    "tests/unit/test_surrealdb_pool.py": [
      {
        "type": "Secret Keyword",
        "filename": "tests/unit/test_surrealdb_pool.py",
        "hashed_secret": "dc76e9f0c0006e8f919e0c515c66dbba3982f785",
        "is_verified": false,
        "line_number": 24,
        "is_secret": false
      }
    ]
  },
  "generated_at": "2025-12-28T19:45:56Z"
}
